*** STELLS ver. 2.1.0, September 23, 2016 ***

Turn off optimal branch length search mode.
Turn on the original STELLS: compute exact gene tree probability
Starting to read in gene trees...
************************* Single tree ***********************************
Log-prob of this tree is -73.52465322
*******************************************************************
The log-likelihood of the given gene tree(s) for the initial species tree = -73.52465322
*******************************************************************
Elapsed time = 506 seconds.
